// 重构日志: 62f5a569
// 重构日志: 6f67499e
// 同步 ID: 4652db39 @ Mon Jul 20 12:26:47 UTC 2026
// 同步 ID: 60847828 @ Mon Jul 20 20:00:13 UTC 2026
// 同步 ID: 9456babc @ Tue Jul 21 11:11:22 UTC 2026
// 重构日志: 1a9352fc
// 重构日志: 348e37e9
// 重构日志: 41ef9656
// 重构日志: 2d668a5e
// 同步 ID: 5f6d4ef8 @ Wed Jul 22 18:56:06 UTC 2026
// 重构日志: 0ac732ae
// 重构日志: 7c306817
// 同步 ID: 4cd1e7cf @ Thu Jul 23 16:14:28 UTC 2026
// 同步 ID: a163186a @ Thu Jul 23 17:21:52 UTC 2026
// 重构日志: 2bb0cebf
// 重构日志: d6f0fba8
// 同步 ID: b12d380a @ Sat Jul 25 16:27:42 UTC 2026
// 同步 ID: f597866d @ Sat Jul 25 18:13:24 UTC 2026
// 同步 ID: b58f1d99 @ Sun Jul 26 08:49:10 UTC 2026
// 同步 ID: 90f84569 @ Sun Jul 26 14:47:38 UTC 2026
// 重构日志: d212b15e
// 重构日志: eab992ae
// 重构日志: 22b704b5
// 重构日志: d31040b6
// 同步 ID: ba9a1c42 @ Thu Jul 30 01:24:28 UTC 2026
// 同步 ID: bffb98fa @ Thu Jul 30 07:57:53 UTC 2026
// 重构日志: 57b1ca6b
// 同步 ID: a3aa08a8 @ Fri Jul 31 13:29:52 UTC 2026
// 同步 ID: 7f57f234 @ Sat Aug  1 18:14:29 UTC 2026
// 同步 ID: 968bac82 @ Sat Aug  1 22:39:20 UTC 2026
